Archive member included to satisfy reference by file (symbol)

c:/vsarm/armcc/bin/../lib/gcc/arm-none-eabi/9.2.1/../../../../arm-none-eabi/lib/thumb/v7-m/nofp\libg_nano.a(lib_a-errno.o)
                              ./system/source/newlib/_sbrk.o (__errno)
c:/vsarm/armcc/bin/../lib/gcc/arm-none-eabi/9.2.1/../../../../arm-none-eabi/lib/thumb/v7-m/nofp\libg_nano.a(lib_a-impure.o)
                              c:/vsarm/armcc/bin/../lib/gcc/arm-none-eabi/9.2.1/../../../../arm-none-eabi/lib/thumb/v7-m/nofp\libg_nano.a(lib_a-errno.o) (_impure_ptr)
c:/vsarm/armcc/bin/../lib/gcc/arm-none-eabi/9.2.1/../../../../arm-none-eabi/lib/thumb/v7-m/nofp\libg_nano.a(lib_a-strlen.o)
                              ./system/source/diag/Trace.o (strlen)
c:/vsarm/armcc/bin/../lib/gcc/arm-none-eabi/9.2.1/../../../../arm-none-eabi/lib/thumb/v7-m/nofp\libg_nano.a(lib_a-vsnprintf.o)
                              ./system/source/diag/Trace.o (vsnprintf)
c:/vsarm/armcc/bin/../lib/gcc/arm-none-eabi/9.2.1/../../../../arm-none-eabi/lib/thumb/v7-m/nofp\libg_nano.a(lib_a-nano-svfprintf.o)
                              c:/vsarm/armcc/bin/../lib/gcc/arm-none-eabi/9.2.1/../../../../arm-none-eabi/lib/thumb/v7-m/nofp\libg_nano.a(lib_a-vsnprintf.o) (_svfprintf_r)
c:/vsarm/armcc/bin/../lib/gcc/arm-none-eabi/9.2.1/../../../../arm-none-eabi/lib/thumb/v7-m/nofp\libg_nano.a(lib_a-nano-vfprintf_i.o)
                              c:/vsarm/armcc/bin/../lib/gcc/arm-none-eabi/9.2.1/../../../../arm-none-eabi/lib/thumb/v7-m/nofp\libg_nano.a(lib_a-nano-svfprintf.o) (_printf_i)
c:/vsarm/armcc/bin/../lib/gcc/arm-none-eabi/9.2.1/../../../../arm-none-eabi/lib/thumb/v7-m/nofp\libg_nano.a(lib_a-memchr-stub.o)
                              c:/vsarm/armcc/bin/../lib/gcc/arm-none-eabi/9.2.1/../../../../arm-none-eabi/lib/thumb/v7-m/nofp\libg_nano.a(lib_a-nano-svfprintf.o) (memchr)
c:/vsarm/armcc/bin/../lib/gcc/arm-none-eabi/9.2.1/../../../../arm-none-eabi/lib/thumb/v7-m/nofp\libg_nano.a(lib_a-memcpy-stub.o)
                              c:/vsarm/armcc/bin/../lib/gcc/arm-none-eabi/9.2.1/../../../../arm-none-eabi/lib/thumb/v7-m/nofp\libg_nano.a(lib_a-nano-svfprintf.o) (memcpy)
c:/vsarm/armcc/bin/../lib/gcc/arm-none-eabi/9.2.1/../../../../arm-none-eabi/lib/thumb/v7-m/nofp\libg_nano.a(lib_a-memmove.o)
                              c:/vsarm/armcc/bin/../lib/gcc/arm-none-eabi/9.2.1/../../../../arm-none-eabi/lib/thumb/v7-m/nofp\libg_nano.a(lib_a-nano-svfprintf.o) (memmove)
c:/vsarm/armcc/bin/../lib/gcc/arm-none-eabi/9.2.1/../../../../arm-none-eabi/lib/thumb/v7-m/nofp\libg_nano.a(lib_a-nano-freer.o)
                              c:/vsarm/armcc/bin/../lib/gcc/arm-none-eabi/9.2.1/../../../../arm-none-eabi/lib/thumb/v7-m/nofp\libg_nano.a(lib_a-nano-svfprintf.o) (_free_r)
c:/vsarm/armcc/bin/../lib/gcc/arm-none-eabi/9.2.1/../../../../arm-none-eabi/lib/thumb/v7-m/nofp\libg_nano.a(lib_a-nano-mallocr.o)
                              c:/vsarm/armcc/bin/../lib/gcc/arm-none-eabi/9.2.1/../../../../arm-none-eabi/lib/thumb/v7-m/nofp\libg_nano.a(lib_a-nano-svfprintf.o) (_malloc_r)
c:/vsarm/armcc/bin/../lib/gcc/arm-none-eabi/9.2.1/../../../../arm-none-eabi/lib/thumb/v7-m/nofp\libg_nano.a(lib_a-nano-reallocr.o)
                              c:/vsarm/armcc/bin/../lib/gcc/arm-none-eabi/9.2.1/../../../../arm-none-eabi/lib/thumb/v7-m/nofp\libg_nano.a(lib_a-nano-svfprintf.o) (_realloc_r)
c:/vsarm/armcc/bin/../lib/gcc/arm-none-eabi/9.2.1/../../../../arm-none-eabi/lib/thumb/v7-m/nofp\libg_nano.a(lib_a-sbrkr.o)
                              c:/vsarm/armcc/bin/../lib/gcc/arm-none-eabi/9.2.1/../../../../arm-none-eabi/lib/thumb/v7-m/nofp\libg_nano.a(lib_a-nano-mallocr.o) (_sbrk_r)
c:/vsarm/armcc/bin/../lib/gcc/arm-none-eabi/9.2.1/../../../../arm-none-eabi/lib/thumb/v7-m/nofp\libg_nano.a(lib_a-mlock.o)
                              c:/vsarm/armcc/bin/../lib/gcc/arm-none-eabi/9.2.1/../../../../arm-none-eabi/lib/thumb/v7-m/nofp\libg_nano.a(lib_a-nano-freer.o) (__malloc_lock)
c:/vsarm/armcc/bin/../lib/gcc/arm-none-eabi/9.2.1/../../../../arm-none-eabi/lib/thumb/v7-m/nofp\libg_nano.a(lib_a-nano-msizer.o)
                              c:/vsarm/armcc/bin/../lib/gcc/arm-none-eabi/9.2.1/../../../../arm-none-eabi/lib/thumb/v7-m/nofp\libg_nano.a(lib_a-nano-reallocr.o) (_malloc_usable_size_r)
c:/vsarm/armcc/bin/../lib/gcc/arm-none-eabi/9.2.1/../../../../arm-none-eabi/lib/thumb/v7-m/nofp\libg_nano.a(lib_a-lock.o)
                              c:/vsarm/armcc/bin/../lib/gcc/arm-none-eabi/9.2.1/../../../../arm-none-eabi/lib/thumb/v7-m/nofp\libg_nano.a(lib_a-mlock.o) (__retarget_lock_acquire_recursive)

Allocating common symbols
Common symbol       size              file

__lock___atexit_recursive_mutex
                    0x1               c:/vsarm/armcc/bin/../lib/gcc/arm-none-eabi/9.2.1/../../../../arm-none-eabi/lib/thumb/v7-m/nofp\libg_nano.a(lib_a-lock.o)
__lock___arc4random_mutex
[...]
Memory Configuration

Name             Origin             Length             Attributes
RAM              0x20000000         0x00005000         xrw
CCMRAM           0x00000000         0x00000000         xrw
FLASH            0x08000000         0x00010000         xr
FLASHB1          0x00000000         0x00000000         xr
EXTMEMB0         0x00000000         0x00000000         xr
EXTMEMB1         0x00000000         0x00000000         xr
EXTMEMB2         0x00000000         0x00000000         xr
EXTMEMB3         0x00000000         0x00000000         xr
MEMORY_ARRAY     0x00000000         0x00000000         xrw
*default*        0x00000000         0xffffffff

Linker script and memory map

LOAD ./system/source/stm32f1-stdperiph/misc.o
LOAD ./system/source/stm32f1-stdperiph/stm32f10x_gpio.o
LOAD ./system/source/stm32f1-stdperiph/stm32f10x_rcc.o
LOAD ./system/source/newlib/_cxx.o
LOAD ./system/source/newlib/_exit.o
LOAD ./system/source/newlib/_sbrk.o
LOAD ./system/source/newlib/_startup.o
LOAD ./system/source/newlib/_syscalls.o
LOAD ./system/source/newlib/assert.o
LOAD ./system/source/diag/Trace.o
LOAD ./system/source/diag/trace_impl.o
LOAD ./system/source/cortexm/_initialize_hardware.o
LOAD ./system/source/cortexm/_reset_hardware.o
LOAD ./system/source/cortexm/exception_handlers.o
LOAD ./system/source/cmsis/system_stm32f10x.o
LOAD ./system/source/cmsis/vectors_stm32f10x.o
LOAD ./source/_write.o
LOAD ./source/main.o
LOAD ./source/mutex.o
LOAD ./source/os.o
LOAD c:/vsarm/armcc/bin/../lib/gcc/arm-none-eabi/9.2.1/../../../../arm-none-eabi/lib/thumb/v7-m/nofp\libstdc++_nano.a
LOAD c:/vsarm/armcc/bin/../lib/gcc/arm-none-eabi/9.2.1/../../../../arm-none-eabi/lib/thumb/v7-m/nofp\libm.a
START GROUP
LOAD c:/vsarm/armcc/bin/../lib/gcc/arm-none-eabi/9.2.1/thumb/v7-m/nofp\libgcc.a
LOAD c:/vsarm/armcc/bin/../lib/gcc/arm-none-eabi/9.2.1/../../../../arm-none-eabi/lib/thumb/v7-m/nofp\libg_nano.a
LOAD c:/vsarm/armcc/bin/../lib/gcc/arm-none-eabi/9.2.1/../../../../arm-none-eabi/lib/thumb/v7-m/nofp\libc_nano.a
END GROUP
START GROUP
LOAD c:/vsarm/armcc/bin/../lib/gcc/arm-none-eabi/9.2.1/thumb/v7-m/nofp\libgcc.a
LOAD c:/vsarm/armcc/bin/../lib/gcc/arm-none-eabi/9.2.1/../../../../arm-none-eabi/lib/thumb/v7-m/nofp\libc_nano.a
END GROUP
                0x20005000                __stack = (ORIGIN (RAM) + LENGTH (RAM))
                0x20005000                _estack = __stack
                0x00000400                __Main_Stack_Size = 0x400
                [!provide]                PROVIDE (_Main_Stack_Size = __Main_Stack_Size)
                0x20004c00                __Main_Stack_Limit = (__stack - __Main_Stack_Size)
                [!provide]                PROVIDE (_Main_Stack_Limit = __Main_Stack_Limit)
                0x00000100                _Minimum_Stack_Size = 0x100
                0x20000660                PROVIDE (_Heap_Begin = _end_noinit)
                0x20004c00                PROVIDE (_Heap_Limit = (__stack - __Main_Stack_Size))

.isr_vector     0x08000000      0x350
 FILL mask 0xff
                0x08000000                __vectors_start = ABSOLUTE (.)
                0x08000000                __vectors_start__ = ABSOLUTE (.)
 *(.isr_vector)
 .isr_vector    0x08000000      0x10c ./system/source/cmsis/vectors_stm32f10x.o
                0x08000000                __isr_vectors
 *(.cfmconfig)
 *(.after_vectors .after_vectors.*)
 .after_vectors
                0x0800010c      0x114 ./system/source/newlib/_startup.o
                0x0800010c                _start
 .after_vectors
                0x08000220      0x12c ./system/source/cortexm/exception_handlers.o
                0x08000220                Reset_Handler
                0x08000226                NMI_Handler
                0x0800022a                HardFault_Handler
                0x0800023e                HardFault_Handler_C
                0x0800029c                MemManage_Handler
                0x080002a0                BusFault_Handler
                0x080002b4                BusFault_Handler_C
                0x080002e8                UsageFault_Handler
                0x080002fc                UsageFault_Handler_C
                0x08000330                SVC_Handler
                0x08000334                DebugMon_Handler
                0x08000338                PendSV_Handler
 .after_vectors
                0x0800034c        0x4 ./system/source/cmsis/vectors_stm32f10x.o
                0x0800034c                EXTI2_IRQHandler
                0x0800034c                TIM8_TRG_COM_IRQHandler
                0x0800034c                TIM8_CC_IRQHandler
                0x0800034c                TIM1_CC_IRQHandler
                0x0800034c                TIM6_IRQHandler
                0x0800034c                PVD_IRQHandler
                0x0800034c                SDIO_IRQHandler
                0x0800034c                CAN2_RX1_IRQHandler
                0x0800034c                EXTI3_IRQHandler
                0x0800034c                TIM8_TRG_COM_TIM14_IRQHandler
                0x0800034c                TIM1_UP_TIM10_IRQHandler
                0x0800034c                TIM8_UP_TIM13_IRQHandler
                0x0800034c                EXTI0_IRQHandler
                0x0800034c                I2C2_EV_IRQHandler
                0x0800034c                CAN1_RX0_IRQHandler
                0x0800034c                TIM1_UP_TIM16_IRQHandler
                0x0800034c                CAN2_SCE_IRQHandler
                0x0800034c                ADC1_2_IRQHandler
                0x0800034c                SPI1_IRQHandler
                0x0800034c                TAMPER_IRQHandler
                0x0800034c                TIM6_DAC_IRQHandler
                0x0800034c                TIM1_BRK_TIM9_IRQHandler
                0x0800034c                CAN2_RX0_IRQHandler
                0x0800034c                TIM8_UP_IRQHandler
                0x0800034c                DMA2_Channel2_IRQHandler
                0x0800034c                DMA1_Channel4_IRQHandler
                0x0800034c                USART3_IRQHandler
                0x0800034c                RTC_IRQHandler
                0x0800034c                DMA1_Channel7_IRQHandler
                0x0800034c                CAN1_RX1_IRQHandler
                0x0800034c                UART5_IRQHandler
                0x0800034c                ADC3_IRQHandler
                0x0800034c                TIM4_IRQHandler
                0x0800034c                DMA2_Channel1_IRQHandler
                0x0800034c                I2C1_EV_IRQHandler
                0x0800034c                DMA1_Channel6_IRQHandler
                0x0800034c                UART4_IRQHandler
                0x0800034c                DMA2_Channel4_IRQHandler
                0x0800034c                TIM3_IRQHandler
                0x0800034c                RCC_IRQHandler
                0x0800034c                TIM8_BRK_TIM12_IRQHandler
                0x0800034c                TIM1_TRG_COM_IRQHandler
                0x0800034c                DMA1_Channel1_IRQHandler
                0x0800034c                Default_Handler
                0x0800034c                CEC_IRQHandler
                0x0800034c                EXTI15_10_IRQHandler
                0x0800034c                TIM14_IRQHandler
                0x0800034c                TIM13_IRQHandler
                0x0800034c                TIM12_IRQHandler
                0x0800034c                TIM7_IRQHandler
                0x0800034c                CAN2_TX_IRQHandler
                0x0800034c                TIM5_IRQHandler
                0x0800034c                EXTI9_5_IRQHandler
                0x0800034c                ETH_WKUP_IRQHandler
                0x0800034c                SPI2_IRQHandler
                0x0800034c                CAN1_TX_IRQHandler
                0x0800034c                DMA2_Channel5_IRQHandler
                0x0800034c                DMA1_Channel5_IRQHandler
                0x0800034c                EXTI4_IRQHandler
                0x0800034c                USB_LP_CAN1_RX0_IRQHandler
                0x0800034c                TIM1_TRG_COM_TIM17_IRQHandler
                0x0800034c                USB_HP_CAN1_TX_IRQHandler
                0x0800034c                DMA1_Channel3_IRQHandler
                0x0800034c                FSMC_IRQHandler
                0x0800034c                ETH_IRQHandler
                0x0800034c                TIM1_UP_IRQHandler
                0x0800034c                WWDG_IRQHandler
                0x0800034c                TIM2_IRQHandler
                0x0800034c                OTG_FS_WKUP_IRQHandler
                0x0800034c                TIM1_TRG_COM_TIM11_IRQHandler
                0x0800034c                TIM1_BRK_IRQHandler
                0x0800034c                EXTI1_IRQHandler
                0x0800034c                RTCAlarm_IRQHandler
                0x0800034c                DMA2_Channel4_5_IRQHandler
                0x0800034c                USART2_IRQHandler
                0x0800034c                I2C2_ER_IRQHandler
                0x0800034c                DMA1_Channel2_IRQHandler
                0x0800034c                TIM8_BRK_IRQHandler
                0x0800034c                CAN1_SCE_IRQHandler
                0x0800034c                FLASH_IRQHandler
                0x0800034c                USART1_IRQHandler
                0x0800034c                OTG_FS_IRQHandler
                0x0800034c                SPI3_IRQHandler
                0x0800034c                I2C1_ER_IRQHandler
                0x0800034c                USBWakeUp_IRQHandler
                0x0800034c                DMA2_Channel3_IRQHandler
                0x0800034c                TIM1_BRK_TIM15_IRQHandler

.inits          0x08000350       0x28
                0x08000350                __data_regions_array_start = .
                0x08000350        0x4 LONG 0x8001264 LOADADDR (.data)
                0x08000354        0x4 LONG 0x20000000 ADDR (.data)
                0x08000358        0x4 LONG 0x20000088 (ADDR (.data) + SIZEOF (.data))
                0x0800035c        0x4 LONG 0x8001264 LOADADDR (.data_CCMRAM)
                0x08000360        0x4 LONG 0x0 ADDR (.data_CCMRAM)
                0x08000364        0x4 LONG 0x0 (ADDR (.data_CCMRAM) + SIZEOF (.data_CCMRAM))
                0x08000368                __data_regions_array_end = .
                0x08000368                __bss_regions_array_start = .
                0x08000368        0x4 LONG 0x20000088 ADDR (.bss)
                0x0800036c        0x4 LONG 0x20000660 (ADDR (.bss) + SIZEOF (.bss))
                0x08000370        0x4 LONG 0x0 ADDR (.bss_CCMRAM)
                0x08000374        0x4 LONG 0x0 (ADDR (.bss_CCMRAM) + SIZEOF (.bss_CCMRAM))
                0x08000378                __bss_regions_array_end = .
 *(.init)
 *(.fini)
                0x08000378                . = ALIGN (0x4)
                0x08000378                PROVIDE (__preinit_array_start = .)
 *(.preinit_array_sysinit .preinit_array_sysinit.*)
 *(.preinit_array_platform .preinit_array_platform.*)
 *(.preinit_array .preinit_array.*)
                0x08000378                PROVIDE (__preinit_array_end = .)
                0x08000378                . = ALIGN (0x4)
                0x08000378                PROVIDE (__init_array_start = .)
 *(SORT_BY_NAME(.init_array.*))
 *(.init_array)
                0x08000378                PROVIDE (__init_array_end = .)
                0x08000378                . = ALIGN (0x4)
                0x08000378                PROVIDE (__fini_array_start = .)
 *(SORT_BY_NAME(.fini_array.*))
 *(.fini_array)
                0x08000378                PROVIDE (__fini_array_end = .)

.flashtext
 *(.flashtext .flashtext.*)

.text           0x08000378      0xee9
 *(.text .text.*)
 .text._exit    0x08000378        0x2 ./system/source/newlib/_exit.o
                0x08000378                _exit
 *fill*         0x0800037a        0x2 
 .text._sbrk    0x0800037c       0x44 ./system/source/newlib/_sbrk.o
                0x0800037c                _sbrk
 .text.__initialize_args
                0x080003c0       0x10 ./system/source/newlib/_syscalls.o
                0x080003c0                __initialize_args
 .text.trace_printf
                0x080003d0       0x34 ./system/source/diag/Trace.o
                0x080003d0                trace_printf
 .text._trace_write_semihosting_debug
                0x08000404       0x60 ./system/source/diag/trace_impl.o
 .text.trace_write
                0x08000464        0x8 ./system/source/diag/trace_impl.o
                0x08000464                trace_write
 .text.__initialize_hardware_early
                0x0800046c       0x18 ./system/source/cortexm/_initialize_hardware.o
                0x0800046c                __initialize_hardware_early
 .text.__initialize_hardware
                0x08000484        0x8 ./system/source/cortexm/_initialize_hardware.o
                0x08000484                __initialize_hardware
 .text.dumpExceptionStack
                0x0800048c       0xf4 ./system/source/cortexm/exception_handlers.o
                0x0800048c                dumpExceptionStack
 .text.isSemihosting
                0x08000580       0x20 ./system/source/cortexm/exception_handlers.o
                0x08000580                isSemihosting
 .text.SetSysClockTo72
                0x080005a0       0xc4 ./system/source/cmsis/system_stm32f10x.o
 .text.SetSysClock
                0x08000664        0x8 ./system/source/cmsis/system_stm32f10x.o
 .text.SystemInit
                0x0800066c       0x50 ./system/source/cmsis/system_stm32f10x.o
                0x0800066c                SystemInit
 .text.SystemCoreClockUpdate
                0x080006bc       0x94 ./system/source/cmsis/system_stm32f10x.o
                0x080006bc                SystemCoreClockUpdate
 .text.main     0x08000750        0x2 ./source/main.o
                0x08000750                main
 *fill*         0x08000752        0x2 
 .text.OS_TriggerContextSwitch
                0x08000754       0x10 ./source/os.o
 .text.OS_Schedule
                0x08000764       0xbc ./source/os.o
                0x08000764                OS_Schedule
 .text.SysTick_Handler
                0x08000820       0x14 ./source/os.o
                0x08000820                SysTick_Handler
 .text.__errno  0x08000834        0xc c:/vsarm/armcc/bin/../lib/gcc/arm-none-eabi/9.2.1/../../../../arm-none-eabi/lib/thumb/v7-m/nofp\libg_nano.a(lib_a-errno.o)
                0x08000834                __errno
 .text._vsnprintf_r
                0x08000840       0x58 c:/vsarm/armcc/bin/../lib/gcc/arm-none-eabi/9.2.1/../../../../arm-none-eabi/lib/thumb/v7-m/nofp\libg_nano.a(lib_a-vsnprintf.o)
                0x08000840                _vsniprintf_r
                0x08000840                _vsnprintf_r
 .text.vsnprintf
                0x08000898       0x1c c:/vsarm/armcc/bin/../lib/gcc/arm-none-eabi/9.2.1/../../../../arm-none-eabi/lib/thumb/v7-m/nofp\libg_nano.a(lib_a-vsnprintf.o)
                0x08000898                vsniprintf
                0x08000898                vsnprintf
 .text.__ssputs_r
                0x080008b4       0xb6 c:/vsarm/armcc/bin/../lib/gcc/arm-none-eabi/9.2.1/../../../../arm-none-eabi/lib/thumb/v7-m/nofp\libg_nano.a(lib_a-nano-svfprintf.o)
                0x080008b4                __ssputs_r
 *fill*         0x0800096a        0x2 
 .text._svfprintf_r
                0x0800096c      0x200 c:/vsarm/armcc/bin/../lib/gcc/arm-none-eabi/9.2.1/../../../../arm-none-eabi/lib/thumb/v7-m/nofp\libg_nano.a(lib_a-nano-svfprintf.o)
                0x0800096c                _svfiprintf_r
                0x0800096c                _svfprintf_r
 .text._printf_common
                0x08000b6c       0xde c:/vsarm/armcc/bin/../lib/gcc/arm-none-eabi/9.2.1/../../../../arm-none-eabi/lib/thumb/v7-m/nofp\libg_nano.a(lib_a-nano-vfprintf_i.o)
                0x08000b6c                _printf_common
 *fill*         0x08000c4a        0x2 
 .text._printf_i
                0x08000c4c      0x24c c:/vsarm/armcc/bin/../lib/gcc/arm-none-eabi/9.2.1/../../../../arm-none-eabi/lib/thumb/v7-m/nofp\libg_nano.a(lib_a-nano-vfprintf_i.o)
                0x08000c4c                _printf_i
 .text.memchr   0x08000e98       0x1c c:/vsarm/armcc/bin/../lib/gcc/arm-none-eabi/9.2.1/../../../../arm-none-eabi/lib/thumb/v7-m/nofp\libg_nano.a(lib_a-memchr-stub.o)
                0x08000e98                memchr
 .text.memcpy   0x08000eb4       0x1c c:/vsarm/armcc/bin/../lib/gcc/arm-none-eabi/9.2.1/../../../../arm-none-eabi/lib/thumb/v7-m/nofp\libg_nano.a(lib_a-memcpy-stub.o)
                0x08000eb4                memcpy
 .text.memmove  0x08000ed0       0x34 c:/vsarm/armcc/bin/../lib/gcc/arm-none-eabi/9.2.1/../../../../arm-none-eabi/lib/thumb/v7-m/nofp\libg_nano.a(lib_a-memmove.o)
                0x08000ed0                memmove
 .text._free_r  0x08000f04       0x98 c:/vsarm/armcc/bin/../lib/gcc/arm-none-eabi/9.2.1/../../../../arm-none-eabi/lib/thumb/v7-m/nofp\libg_nano.a(lib_a-nano-freer.o)
                0x08000f04                _free_r
 .text._malloc_r
                0x08000f9c       0xb4 c:/vsarm/armcc/bin/../lib/gcc/arm-none-eabi/9.2.1/../../../../arm-none-eabi/lib/thumb/v7-m/nofp\libg_nano.a(lib_a-nano-mallocr.o)
                0x08000f9c                _malloc_r
 .text._realloc_r
                0x08001050       0x4c c:/vsarm/armcc/bin/../lib/gcc/arm-none-eabi/9.2.1/../../../../arm-none-eabi/lib/thumb/v7-m/nofp\libg_nano.a(lib_a-nano-reallocr.o)
                0x08001050                _realloc_r
 .text._sbrk_r  0x0800109c       0x20 c:/vsarm/armcc/bin/../lib/gcc/arm-none-eabi/9.2.1/../../../../arm-none-eabi/lib/thumb/v7-m/nofp\libg_nano.a(lib_a-sbrkr.o)
                0x0800109c                _sbrk_r
 .text.__malloc_lock
                0x080010bc        0xc c:/vsarm/armcc/bin/../lib/gcc/arm-none-eabi/9.2.1/../../../../arm-none-eabi/lib/thumb/v7-m/nofp\libg_nano.a(lib_a-mlock.o)
                0x080010bc                __malloc_lock
 .text.__malloc_unlock
                0x080010c8        0xc c:/vsarm/armcc/bin/../lib/gcc/arm-none-eabi/9.2.1/../../../../arm-none-eabi/lib/thumb/v7-m/nofp\libg_nano.a(lib_a-mlock.o)
                0x080010c8                __malloc_unlock
 .text._malloc_usable_size_r
                0x080010d4       0x10 c:/vsarm/armcc/bin/../lib/gcc/arm-none-eabi/9.2.1/../../../../arm-none-eabi/lib/thumb/v7-m/nofp\libg_nano.a(lib_a-nano-msizer.o)
                0x080010d4                _malloc_usable_size_r
 .text.__retarget_lock_acquire_recursive
                0x080010e4        0x2 c:/vsarm/armcc/bin/../lib/gcc/arm-none-eabi/9.2.1/../../../../arm-none-eabi/lib/thumb/v7-m/nofp\libg_nano.a(lib_a-lock.o)
                0x080010e4                __retarget_lock_acquire_recursive
 .text.__retarget_lock_release_recursive
                0x080010e6        0x2 c:/vsarm/armcc/bin/../lib/gcc/arm-none-eabi/9.2.1/../../../../arm-none-eabi/lib/thumb/v7-m/nofp\libg_nano.a(lib_a-lock.o)
                0x080010e6                __retarget_lock_release_recursive
 *(.rodata .rodata.* .constdata .constdata.*)
 .rodata.dumpExceptionStack.str1.4
                0x080010e8      0x11a ./system/source/cortexm/exception_handlers.o
 *fill*         0x08001202        0x2 
 .rodata.str1.4
                0x08001204       0x2a ./system/source/cortexm/exception_handlers.o
 .rodata._svfprintf_r.str1.1
                0x0800122e       0x11 c:/vsarm/armcc/bin/../lib/gcc/arm-none-eabi/9.2.1/../../../../arm-none-eabi/lib/thumb/v7-m/nofp\libg_nano.a(lib_a-nano-svfprintf.o)
 .rodata._printf_i.str1.1
                0x0800123f       0x22 c:/vsarm/armcc/bin/../lib/gcc/arm-none-eabi/9.2.1/../../../../arm-none-eabi/lib/thumb/v7-m/nofp\libg_nano.a(lib_a-nano-vfprintf_i.o)
 *(vtable)
 *(.eh_frame*)
 *(.glue_7)
 .glue_7        0x08001261        0x0 linker stubs
 *(.glue_7t)
 .glue_7t       0x08001261        0x0 linker stubs

.vfp11_veneer   0x08001264        0x0
 .vfp11_veneer  0x08001264        0x0 linker stubs

.v4_bx          0x08001264        0x0
 .v4_bx         0x08001264        0x0 linker stubs

.iplt           0x08001264        0x0
 .iplt          0x08001264        0x0 ./system/source/newlib/_exit.o

.rel.dyn        0x08001264        0x0
 .rel.iplt      0x08001264        0x0 ./system/source/newlib/_exit.o

.ARM.extab
 *(.ARM.extab* .gnu.linkonce.armextab.*)
                0x08001264                . = ALIGN (0x4)
                0x08001264                __exidx_start = .

.ARM.exidx
 *(.ARM.exidx* .gnu.linkonce.armexidx.*)
                0x08001264                __exidx_end = .
                0x08001264                . = ALIGN (0x4)
                0x08001264                _etext = .
                0x08001264                __etext = .

.data_CCMRAM    0x00000000        0x0 load address 0x08001264
 FILL mask 0xff
 *(.data.CCMRAM .data.CCMRAM.*)
                0x00000000                . = ALIGN (0x4)
                0x08001264                _sidata = LOADADDR (.data)

.data           0x20000000       0x88 load address 0x08001264
 FILL mask 0xff
                0x20000000                _sdata = .
                0x20000000                __data_start__ = .
 *(.data_begin .data_begin.*)
 .data_begin    0x20000000        0x4 ./system/source/newlib/_startup.o
 *(.data .data.*)
 .data.argv.4354
                0x20000004        0x8 ./system/source/newlib/_syscalls.o
 .data.AHBPrescTable
                0x2000000c       0x10 ./system/source/cmsis/system_stm32f10x.o
                0x2000000c                AHBPrescTable
 .data.SystemCoreClock
                0x2000001c        0x4 ./system/source/cmsis/system_stm32f10x.o
                0x2000001c                SystemCoreClock
 .data._impure_ptr
                0x20000020        0x4 c:/vsarm/armcc/bin/../lib/gcc/arm-none-eabi/9.2.1/../../../../arm-none-eabi/lib/thumb/v7-m/nofp\libg_nano.a(lib_a-impure.o)
                0x20000020                _impure_ptr
 .data.impure_data
                0x20000024       0x60 c:/vsarm/armcc/bin/../lib/gcc/arm-none-eabi/9.2.1/../../../../arm-none-eabi/lib/thumb/v7-m/nofp\libg_nano.a(lib_a-impure.o)
 *(.data_end .data_end.*)
 .data_end      0x20000084        0x4 ./system/source/newlib/_startup.o
                0x20000088                . = ALIGN (0x4)
                0x20000088                _edata = .
                0x20000088                __data_end__ = .

.igot.plt       0x20000088        0x0 load address 0x080012ec
 .igot.plt      0x20000088        0x0 ./system/source/newlib/_exit.o

.bss_CCMRAM     0x00000000        0x0
 *(.bss.CCMRAM .bss.CCMRAM.*)

.bss            0x20000088      0x5d8
                0x20000088                __bss_start__ = .
                0x20000088                _sbss = .
 *(.bss_begin .bss_begin.*)
 .bss_begin     0x20000088        0x4 ./system/source/newlib/_startup.o
 *(.bss .bss.*)
 .bss.current_heap_end.3984
                0x2000008c        0x4 ./system/source/newlib/_sbrk.o
 .bss.name.4353
                0x20000090        0x1 ./system/source/newlib/_syscalls.o
 *fill*         0x20000091        0x3 
 .bss.buf.5228  0x20000094       0x80 ./system/source/diag/Trace.o
 .bss.__malloc_free_list
                0x20000114        0x4 c:/vsarm/armcc/bin/../lib/gcc/arm-none-eabi/9.2.1/../../../../arm-none-eabi/lib/thumb/v7-m/nofp\libg_nano.a(lib_a-nano-mallocr.o)
                0x20000114                __malloc_free_list
 .bss.__malloc_sbrk_start
                0x20000118        0x4 c:/vsarm/armcc/bin/../lib/gcc/arm-none-eabi/9.2.1/../../../../arm-none-eabi/lib/thumb/v7-m/nofp\libg_nano.a(lib_a-nano-mallocr.o)
                0x20000118                __malloc_sbrk_start
 *(COMMON)
 COMMON         0x2000011c        0x4 ./system/source/newlib/_syscalls.o
                0x2000011c                errno
 COMMON         0x20000120      0x530 ./source/os.o
                0x20000120                OS_TCBNext
                0x20000124                OS_TCBCurrentIndex
                0x20000128                OS_TCBList
                0x20000228                OS_TCBCurrent
                0x2000022c                OS_TCBNextIndex
                0x20000230                taskIdleTCB
                0x20000248                taskIdleStack
                0x20000648                OS_TCBItemsInList
                0x2000064c                OS_tickCounter
 COMMON         0x20000650        0x9 c:/vsarm/armcc/bin/../lib/gcc/arm-none-eabi/9.2.1/../../../../arm-none-eabi/lib/thumb/v7-m/nofp\libg_nano.a(lib_a-lock.o)
                0x20000650                __lock___atexit_recursive_mutex
                0x20000651                __lock___arc4random_mutex
                0x20000652                __lock___env_recursive_mutex
                0x20000653                __lock___sinit_recursive_mutex
                0x20000654                __lock___malloc_recursive_mutex
                0x20000655                __lock___at_quick_exit_mutex
                0x20000656                __lock___dd_hash_mutex
                0x20000657                __lock___tz_mutex
                0x20000658                __lock___sfp_recursive_mutex
 *(.bss_end .bss_end.*)
 *fill*         0x20000659        0x3 
 .bss_end       0x2000065c        0x4 ./system/source/newlib/_startup.o
                0x20000660                . = ALIGN (0x4)
                0x20000660                __bss_end__ = .
                0x20000660                _ebss = .

.noinit_CCMRAM
 *(.noinit.CCMRAM .noinit.CCMRAM.*)

.noinit         0x20000660        0x0
                0x20000660                _noinit = .
 *(.noinit .noinit.*)
                0x20000660                . = ALIGN (0x4)
                0x20000660                _end_noinit = .
                [!provide]                PROVIDE (end = _end_noinit)
                [!provide]                PROVIDE (_end = _end_noinit)
                [!provide]                PROVIDE (__end = _end_noinit)
                [!provide]                PROVIDE (__end__ = _end_noinit)

._check_stack   0x20000660      0x100
                0x20000760                . = (. + _Minimum_Stack_Size)
 *fill*         0x20000660      0x100 

.b1text
 *(.b1text)
 *(.b1rodata)
 *(.b1rodata.*)

.eb0text
 *(.eb0text)
 *(.eb0rodata)
 *(.eb0rodata.*)

.eb1text
 *(.eb1text)
 *(.eb1rodata)
 *(.eb1rodata.*)

.eb2text
 *(.eb2text)
 *(.eb2rodata)
 *(.eb2rodata.*)

.eb3text
 *(.eb3text)
 *(.eb3rodata)
 *(.eb3rodata.*)

.stab
 *(.stab)

.stabstr
 *(.stabstr)

.stab.excl
 *(.stab.excl)

.stab.exclstr
 *(.stab.exclstr)

.stab.index
 *(.stab.index)

.stab.indexstr
 *(.stab.indexstr)

.comment        0x00000000       0x79
 *(.comment)
 .comment       0x00000000       0x79 ./system/source/newlib/_exit.o
                                 0x7a (size before relaxing)
 .comment       0x00000079       0x7a ./system/source/newlib/_sbrk.o
 .comment       0x00000079       0x7a ./system/source/newlib/_startup.o
 .comment       0x00000079       0x7a ./system/source/newlib/_syscalls.o
 .comment       0x00000079       0x7a ./system/source/diag/Trace.o
 .comment       0x00000079       0x7a ./system/source/diag/trace_impl.o
 .comment       0x00000079       0x7a ./system/source/cortexm/_initialize_hardware.o
 .comment       0x00000079       0x7a ./system/source/cortexm/exception_handlers.o
 .comment       0x00000079       0x7a ./system/source/cmsis/system_stm32f10x.o
 .comment       0x00000079       0x7a ./system/source/cmsis/vectors_stm32f10x.o
 .comment       0x00000079       0x7a ./source/main.o
 .comment       0x00000079       0x7a ./source/os.o

.ARM.attributes
                0x00000000       0x2b
 .ARM.attributes
                0x00000000       0x2d ./system/source/newlib/_exit.o
 .ARM.attributes
                0x0000002d       0x2d ./system/source/newlib/_sbrk.o
 .ARM.attributes
                0x0000005a       0x2d ./system/source/newlib/_startup.o
 .ARM.attributes
                0x00000087       0x2d ./system/source/newlib/_syscalls.o
 .ARM.attributes
                0x000000b4       0x2d ./system/source/diag/Trace.o
 .ARM.attributes
                0x000000e1       0x2d ./system/source/diag/trace_impl.o
 .ARM.attributes
                0x0000010e       0x2d ./system/source/cortexm/_initialize_hardware.o
 .ARM.attributes
                0x0000013b       0x2d ./system/source/cortexm/exception_handlers.o
 .ARM.attributes
                0x00000168       0x2d ./system/source/cmsis/system_stm32f10x.o
 .ARM.attributes
                0x00000195       0x2d ./system/source/cmsis/vectors_stm32f10x.o
 .ARM.attributes
                0x000001c2       0x2d ./source/main.o
 .ARM.attributes
                0x000001ef       0x2d ./source/os.o
 .ARM.attributes
                0x0000021c       0x2d c:/vsarm/armcc/bin/../lib/gcc/arm-none-eabi/9.2.1/../../../../arm-none-eabi/lib/thumb/v7-m/nofp\libg_nano.a(lib_a-errno.o)
 .ARM.attributes
                0x00000249       0x2d c:/vsarm/armcc/bin/../lib/gcc/arm-none-eabi/9.2.1/../../../../arm-none-eabi/lib/thumb/v7-m/nofp\libg_nano.a(lib_a-impure.o)
 .ARM.attributes
                0x00000276       0x2d c:/vsarm/armcc/bin/../lib/gcc/arm-none-eabi/9.2.1/../../../../arm-none-eabi/lib/thumb/v7-m/nofp\libg_nano.a(lib_a-vsnprintf.o)
 .ARM.attributes
                0x000002a3       0x2d c:/vsarm/armcc/bin/../lib/gcc/arm-none-eabi/9.2.1/../../../../arm-none-eabi/lib/thumb/v7-m/nofp\libg_nano.a(lib_a-nano-svfprintf.o)
 .ARM.attributes
                0x000002d0       0x2d c:/vsarm/armcc/bin/../lib/gcc/arm-none-eabi/9.2.1/../../../../arm-none-eabi/lib/thumb/v7-m/nofp\libg_nano.a(lib_a-nano-vfprintf_i.o)
 .ARM.attributes
                0x000002fd       0x2d c:/vsarm/armcc/bin/../lib/gcc/arm-none-eabi/9.2.1/../../../../arm-none-eabi/lib/thumb/v7-m/nofp\libg_nano.a(lib_a-memchr-stub.o)
 .ARM.attributes
                0x0000032a       0x2d c:/vsarm/armcc/bin/../lib/gcc/arm-none-eabi/9.2.1/../../../../arm-none-eabi/lib/thumb/v7-m/nofp\libg_nano.a(lib_a-memcpy-stub.o)
 .ARM.attributes
                0x00000357       0x2d c:/vsarm/armcc/bin/../lib/gcc/arm-none-eabi/9.2.1/../../../../arm-none-eabi/lib/thumb/v7-m/nofp\libg_nano.a(lib_a-memmove.o)
 .ARM.attributes
                0x00000384       0x2d c:/vsarm/armcc/bin/../lib/gcc/arm-none-eabi/9.2.1/../../../../arm-none-eabi/lib/thumb/v7-m/nofp\libg_nano.a(lib_a-nano-freer.o)
 .ARM.attributes
                0x000003b1       0x2d c:/vsarm/armcc/bin/../lib/gcc/arm-none-eabi/9.2.1/../../../../arm-none-eabi/lib/thumb/v7-m/nofp\libg_nano.a(lib_a-nano-mallocr.o)
 .ARM.attributes
                0x000003de       0x2d c:/vsarm/armcc/bin/../lib/gcc/arm-none-eabi/9.2.1/../../../../arm-none-eabi/lib/thumb/v7-m/nofp\libg_nano.a(lib_a-nano-reallocr.o)
 .ARM.attributes
                0x0000040b       0x2d c:/vsarm/armcc/bin/../lib/gcc/arm-none-eabi/9.2.1/../../../../arm-none-eabi/lib/thumb/v7-m/nofp\libg_nano.a(lib_a-sbrkr.o)
 .ARM.attributes
                0x00000438       0x2d c:/vsarm/armcc/bin/../lib/gcc/arm-none-eabi/9.2.1/../../../../arm-none-eabi/lib/thumb/v7-m/nofp\libg_nano.a(lib_a-mlock.o)
 .ARM.attributes
                0x00000465       0x2d c:/vsarm/armcc/bin/../lib/gcc/arm-none-eabi/9.2.1/../../../../arm-none-eabi/lib/thumb/v7-m/nofp\libg_nano.a(lib_a-nano-msizer.o)
 .ARM.attributes
                0x00000492       0x2d c:/vsarm/armcc/bin/../lib/gcc/arm-none-eabi/9.2.1/../../../../arm-none-eabi/lib/thumb/v7-m/nofp\libg_nano.a(lib_a-lock.o)

.debug
 *(.debug)

.line
 *(.line)

.debug_srcinfo
 *(.debug_srcinfo)

.debug_sfnames
 *(.debug_sfnames)

.debug_aranges  0x00000000      0x2b0
 *(.debug_aranges)
 .debug_aranges
                0x00000000       0x28 ./system/source/newlib/_exit.o
 .debug_aranges
                0x00000028       0x20 ./system/source/newlib/_sbrk.o
 .debug_aranges
                0x00000048       0x40 ./system/source/newlib/_startup.o
 .debug_aranges
                0x00000088       0x30 ./system/source/newlib/_syscalls.o
 .debug_aranges
                0x000000b8       0x38 ./system/source/diag/Trace.o
 .debug_aranges
                0x000000f0       0x30 ./system/source/diag/trace_impl.o
 .debug_aranges
                0x00000120       0x28 ./system/source/cortexm/_initialize_hardware.o
 .debug_aranges
                0x00000148       0x90 ./system/source/cortexm/exception_handlers.o
 .debug_aranges
                0x000001d8       0x38 ./system/source/cmsis/system_stm32f10x.o
 .debug_aranges
                0x00000210       0x20 ./system/source/cmsis/vectors_stm32f10x.o
 .debug_aranges
                0x00000230       0x20 ./source/main.o
 .debug_aranges
                0x00000250       0x60 ./source/os.o

.debug_pubnames
 *(.debug_pubnames)

.debug_info     0x00000000     0x5b62
 *(.debug_info .gnu.linkonce.wi.*)
 .debug_info    0x00000000      0x9e7 ./system/source/newlib/_exit.o
 .debug_info    0x000009e7      0x9d4 ./system/source/newlib/_sbrk.o
 .debug_info    0x000013bb      0x4ae ./system/source/newlib/_startup.o
 .debug_info    0x00001869      0xab9 ./system/source/newlib/_syscalls.o
 .debug_info    0x00002322      0xbdb ./system/source/diag/Trace.o
 .debug_info    0x00002efd      0x3aa ./system/source/diag/trace_impl.o
 .debug_info    0x000032a7      0x2d6 ./system/source/cortexm/_initialize_hardware.o
 .debug_info    0x0000357d     0x127b ./system/source/cortexm/exception_handlers.o
 .debug_info    0x000047f8      0x4db ./system/source/cmsis/system_stm32f10x.o
 .debug_info    0x00004cd3       0xce ./system/source/cmsis/vectors_stm32f10x.o
 .debug_info    0x00004da1      0x9b2 ./source/main.o
 .debug_info    0x00005753      0x40f ./source/os.o

.debug_abbrev   0x00000000     0x1778
 *(.debug_abbrev)
 .debug_abbrev  0x00000000      0x222 ./system/source/newlib/_exit.o
 .debug_abbrev  0x00000222      0x232 ./system/source/newlib/_sbrk.o
 .debug_abbrev  0x00000454      0x1b1 ./system/source/newlib/_startup.o
 .debug_abbrev  0x00000605      0x26d ./system/source/newlib/_syscalls.o
 .debug_abbrev  0x00000872      0x2c6 ./system/source/diag/Trace.o
 .debug_abbrev  0x00000b38      0x218 ./system/source/diag/trace_impl.o
 .debug_abbrev  0x00000d50       0xfc ./system/source/cortexm/_initialize_hardware.o
 .debug_abbrev  0x00000e4c      0x372 ./system/source/cortexm/exception_handlers.o
 .debug_abbrev  0x000011be      0x19d ./system/source/cmsis/system_stm32f10x.o
 .debug_abbrev  0x0000135b       0xa5 ./system/source/cmsis/vectors_stm32f10x.o
 .debug_abbrev  0x00001400      0x1e8 ./source/main.o
 .debug_abbrev  0x000015e8      0x190 ./source/os.o

.debug_line     0x00000000     0x3186
 *(.debug_line)
 .debug_line    0x00000000      0x2d0 ./system/source/newlib/_exit.o
 .debug_line    0x000002d0      0x2ba ./system/source/newlib/_sbrk.o
 .debug_line    0x0000058a      0x53e ./system/source/newlib/_startup.o
 .debug_line    0x00000ac8      0x3a2 ./system/source/newlib/_syscalls.o
 .debug_line    0x00000e6a      0x3ac ./system/source/diag/Trace.o
 .debug_line    0x00001216      0x61e ./system/source/diag/trace_impl.o
 .debug_line    0x00001834      0x361 ./system/source/cortexm/_initialize_hardware.o
 .debug_line    0x00001b95      0x848 ./system/source/cortexm/exception_handlers.o
 .debug_line    0x000023dd      0x584 ./system/source/cmsis/system_stm32f10x.o
 .debug_line    0x00002961       0xf3 ./system/source/cmsis/vectors_stm32f10x.o
 .debug_line    0x00002a54      0x2cd ./source/main.o
 .debug_line    0x00002d21      0x465 ./source/os.o

.debug_frame    0x00000000      0x8f0
 *(.debug_frame)
 .debug_frame   0x00000000       0x38 ./system/source/newlib/_exit.o
 .debug_frame   0x00000038       0x28 ./system/source/newlib/_sbrk.o
 .debug_frame   0x00000060       0x7c ./system/source/newlib/_startup.o
 .debug_frame   0x000000dc       0x50 ./system/source/newlib/_syscalls.o
 .debug_frame   0x0000012c       0x94 ./system/source/diag/Trace.o
 .debug_frame   0x000001c0       0x64 ./system/source/diag/trace_impl.o
 .debug_frame   0x00000224       0x40 ./system/source/cortexm/_initialize_hardware.o
 .debug_frame   0x00000264      0x158 ./system/source/cortexm/exception_handlers.o
 .debug_frame   0x000003bc       0x6c ./system/source/cmsis/system_stm32f10x.o
 .debug_frame   0x00000428       0x20 ./system/source/cmsis/vectors_stm32f10x.o
 .debug_frame   0x00000448       0x20 ./source/main.o
 .debug_frame   0x00000468       0xe4 ./source/os.o
 .debug_frame   0x0000054c       0x20 c:/vsarm/armcc/bin/../lib/gcc/arm-none-eabi/9.2.1/../../../../arm-none-eabi/lib/thumb/v7-m/nofp\libg_nano.a(lib_a-errno.o)
 .debug_frame   0x0000056c       0x4c c:/vsarm/armcc/bin/../lib/gcc/arm-none-eabi/9.2.1/../../../../arm-none-eabi/lib/thumb/v7-m/nofp\libg_nano.a(lib_a-vsnprintf.o)
 .debug_frame   0x000005b8       0x90 c:/vsarm/armcc/bin/../lib/gcc/arm-none-eabi/9.2.1/../../../../arm-none-eabi/lib/thumb/v7-m/nofp\libg_nano.a(lib_a-nano-svfprintf.o)
 .debug_frame   0x00000648       0x60 c:/vsarm/armcc/bin/../lib/gcc/arm-none-eabi/9.2.1/../../../../arm-none-eabi/lib/thumb/v7-m/nofp\libg_nano.a(lib_a-nano-vfprintf_i.o)
 .debug_frame   0x000006a8       0x28 c:/vsarm/armcc/bin/../lib/gcc/arm-none-eabi/9.2.1/../../../../arm-none-eabi/lib/thumb/v7-m/nofp\libg_nano.a(lib_a-memchr-stub.o)
 .debug_frame   0x000006d0       0x28 c:/vsarm/armcc/bin/../lib/gcc/arm-none-eabi/9.2.1/../../../../arm-none-eabi/lib/thumb/v7-m/nofp\libg_nano.a(lib_a-memcpy-stub.o)
 .debug_frame   0x000006f8       0x28 c:/vsarm/armcc/bin/../lib/gcc/arm-none-eabi/9.2.1/../../../../arm-none-eabi/lib/thumb/v7-m/nofp\libg_nano.a(lib_a-memmove.o)
 .debug_frame   0x00000720       0x38 c:/vsarm/armcc/bin/../lib/gcc/arm-none-eabi/9.2.1/../../../../arm-none-eabi/lib/thumb/v7-m/nofp\libg_nano.a(lib_a-nano-freer.o)
 .debug_frame   0x00000758       0x30 c:/vsarm/armcc/bin/../lib/gcc/arm-none-eabi/9.2.1/../../../../arm-none-eabi/lib/thumb/v7-m/nofp\libg_nano.a(lib_a-nano-mallocr.o)
 .debug_frame   0x00000788       0x3c c:/vsarm/armcc/bin/../lib/gcc/arm-none-eabi/9.2.1/../../../../arm-none-eabi/lib/thumb/v7-m/nofp\libg_nano.a(lib_a-nano-reallocr.o)
 .debug_frame   0x000007c4       0x2c c:/vsarm/armcc/bin/../lib/gcc/arm-none-eabi/9.2.1/../../../../arm-none-eabi/lib/thumb/v7-m/nofp\libg_nano.a(lib_a-sbrkr.o)
 .debug_frame   0x000007f0       0x30 c:/vsarm/armcc/bin/../lib/gcc/arm-none-eabi/9.2.1/../../../../arm-none-eabi/lib/thumb/v7-m/nofp\libg_nano.a(lib_a-mlock.o)
 .debug_frame   0x00000820       0x20 c:/vsarm/armcc/bin/../lib/gcc/arm-none-eabi/9.2.1/../../../../arm-none-eabi/lib/thumb/v7-m/nofp\libg_nano.a(lib_a-nano-msizer.o)
 .debug_frame   0x00000840       0xb0 c:/vsarm/armcc/bin/../lib/gcc/arm-none-eabi/9.2.1/../../../../arm-none-eabi/lib/thumb/v7-m/nofp\libg_nano.a(lib_a-lock.o)

.debug_str      0x00000000    0x55f4f
 *(.debug_str)
 .debug_str     0x00000000     0x7d07 ./system/source/newlib/_exit.o
                               0x7ece (size before relaxing)
 .debug_str     0x00007d07      0x4f8 ./system/source/newlib/_sbrk.o
                               0x7280 (size before relaxing)
 .debug_str     0x000081ff      0xbc0 ./system/source/newlib/_startup.o
                               0x69bb (size before relaxing)
 .debug_str     0x00008dbf      0xf93 ./system/source/newlib/_syscalls.o
                               0x826f (size before relaxing)
 .debug_str     0x00009d52      0x829 ./system/source/diag/Trace.o
                               0x8646 (size before relaxing)
 .debug_str     0x0000a57b    0x4b2bc ./system/source/diag/trace_impl.o
                              0x52a2c (size before relaxing)
 .debug_str     0x00055837       0xc7 ./system/source/cortexm/_initialize_hardware.o
                              0x4e927 (size before relaxing)
 .debug_str     0x000558fe      0x1a9 ./system/source/cortexm/exception_handlers.o
                              0x53c51 (size before relaxing)
 .debug_str     0x00055aa7      0x117 ./system/source/cmsis/system_stm32f10x.o
                              0x4e9c1 (size before relaxing)
 .debug_str     0x00055bbe       0x5a ./system/source/cmsis/vectors_stm32f10x.o
                               0x3966 (size before relaxing)
 .debug_str     0x00055c18       0x11 ./source/main.o
                               0x8555 (size before relaxing)
 .debug_str     0x00055c29      0x326 ./source/os.o
                               0x3c1e (size before relaxing)

.debug_loc      0x00000000      0xc75
 *(.debug_loc)
 .debug_loc     0x00000000       0x15 ./system/source/newlib/_exit.o
 .debug_loc     0x00000015       0x97 ./system/source/newlib/_sbrk.o
 .debug_loc     0x000000ac      0x2de ./system/source/newlib/_startup.o
 .debug_loc     0x0000038a       0x6f ./system/source/newlib/_syscalls.o
 .debug_loc     0x000003f9      0x118 ./system/source/diag/Trace.o
 .debug_loc     0x00000511      0x194 ./system/source/diag/trace_impl.o
 .debug_loc     0x000006a5      0x35c ./system/source/cortexm/exception_handlers.o
 .debug_loc     0x00000a01       0xff ./system/source/cmsis/system_stm32f10x.o
 .debug_loc     0x00000b00       0x2a ./source/main.o
 .debug_loc     0x00000b2a      0x14b ./source/os.o

.debug_macinfo
 *(.debug_macinfo)

.debug_weaknames
 *(.debug_weaknames)

.debug_funcnames
 *(.debug_funcnames)

.debug_typenames
 *(.debug_typenames)

.debug_varnames
 *(.debug_varnames)
OUTPUT(rtos.elf elf32-littlearm)

.debug_ranges   0x00000000      0x220
 .debug_ranges  0x00000000       0x18 ./system/source/newlib/_exit.o
 .debug_ranges  0x00000018       0x10 ./system/source/newlib/_sbrk.o
 .debug_ranges  0x00000028       0x30 ./system/source/newlib/_startup.o
 .debug_ranges  0x00000058       0x20 ./system/source/newlib/_syscalls.o
 .debug_ranges  0x00000078       0x28 ./system/source/diag/Trace.o
 .debug_ranges  0x000000a0       0x38 ./system/source/diag/trace_impl.o
 .debug_ranges  0x000000d8       0x18 ./system/source/cortexm/_initialize_hardware.o
 .debug_ranges  0x000000f0       0x98 ./system/source/cortexm/exception_handlers.o
 .debug_ranges  0x00000188       0x28 ./system/source/cmsis/system_stm32f10x.o
 .debug_ranges  0x000001b0       0x10 ./system/source/cmsis/vectors_stm32f10x.o
 .debug_ranges  0x000001c0       0x10 ./source/main.o
 .debug_ranges  0x000001d0       0x50 ./source/os.o

.debug_macro    0x00000000     0x285f
 .debug_macro   0x00000000      0x1b4 ./system/source/newlib/_exit.o
 .debug_macro   0x000001b4       0x34 ./system/source/newlib/_exit.o
 .debug_macro   0x000001e8      0x10e ./system/source/newlib/_exit.o
 .debug_macro   0x000002f6       0x8d ./system/source/newlib/_exit.o
 .debug_macro   0x00000383       0x43 ./system/source/newlib/_exit.o
 .debug_macro   0x000003c6      0x339 ./system/source/newlib/_exit.o
 .debug_macro   0x000006ff       0x35 ./system/source/newlib/_exit.o
 .debug_macro   0x00000734      0x169 ./system/source/newlib/_sbrk.o
 .debug_macro   0x0000089d      0x174 ./system/source/newlib/_sbrk.o
 .debug_macro   0x00000a11       0x10 ./system/source/newlib/_sbrk.o
 .debug_macro   0x00000a21      0x23b ./system/source/newlib/_sbrk.o
 .debug_macro   0x00000c5c      0x173 ./system/source/newlib/_startup.o
 .debug_macro   0x00000dcf      0x226 ./system/source/newlib/_syscalls.o
 .debug_macro   0x00000ff5       0x1c ./system/source/newlib/_syscalls.o
 .debug_macro   0x00001011       0x10 ./system/source/newlib/_syscalls.o
 .debug_macro   0x00001021       0x10 ./system/source/newlib/_syscalls.o
 .debug_macro   0x00001031       0x10 ./system/source/newlib/_syscalls.o
 .debug_macro   0x00001041       0x35 ./system/source/newlib/_syscalls.o
 .debug_macro   0x00001076      0x122 ./system/source/newlib/_syscalls.o
 .debug_macro   0x00001198       0x88 ./system/source/newlib/_syscalls.o
 .debug_macro   0x00001220       0x7c ./system/source/newlib/_syscalls.o
 .debug_macro   0x0000129c       0x17 ./system/source/newlib/_syscalls.o
 .debug_macro   0x000012b3      0x118 ./system/source/newlib/_syscalls.o
 .debug_macro   0x000013cb      0x189 ./system/source/newlib/_syscalls.o
 .debug_macro   0x00001554       0x16 ./system/source/newlib/_syscalls.o
 .debug_macro   0x0000156a      0x1fb ./system/source/diag/Trace.o
 .debug_macro   0x00001765       0x16 ./system/source/diag/Trace.o
 .debug_macro   0x0000177b       0x97 ./system/source/diag/Trace.o
 .debug_macro   0x00001812       0xfd ./system/source/diag/Trace.o
 .debug_macro   0x0000190f       0x10 ./system/source/diag/Trace.o
 .debug_macro   0x0000191f       0x16 ./system/source/diag/Trace.o
 .debug_macro   0x00001935      0x16f ./system/source/diag/Trace.o
 .debug_macro   0x00001aa4       0x4c ./system/source/diag/Trace.o
 .debug_macro   0x00001af0       0x16 ./system/source/diag/Trace.o
 .debug_macro   0x00001b06      0x2da ./system/source/diag/trace_impl.o
 .debug_macro   0x00001de0       0x10 ./system/source/diag/trace_impl.o
 .debug_macro   0x00001df0       0xcf ./system/source/diag/trace_impl.o
 .debug_macro   0x00001ebf       0xbe ./system/source/diag/trace_impl.o
 .debug_macro   0x00001f7d       0x22 ./system/source/diag/trace_impl.o
 .debug_macro   0x00001f9f      0x16b ./system/source/cortexm/_initialize_hardware.o
 .debug_macro   0x0000210a      0x324 ./system/source/cortexm/exception_handlers.o
 .debug_macro   0x0000242e       0x3b ./system/source/cortexm/exception_handlers.o
 .debug_macro   0x00002469       0x10 ./system/source/cortexm/exception_handlers.o
 .debug_macro   0x00002479      0x16e ./system/source/cmsis/system_stm32f10x.o
 .debug_macro   0x000025e7       0x34 ./system/source/cmsis/vectors_stm32f10x.o
 .debug_macro   0x0000261b      0x1f5 ./source/main.o
 .debug_macro   0x00002810       0x4f ./source/os.o
